exports[`test FriendListItem component 1`] = `
<li
  className={undefined}>
  <div
    className={undefined}>
    <div>
      <span>
        Abraham Lincoln
      </span>
    </div>
    <div>
      <i
        className="fa undefined fa-male" />
    </div>
  </div>
  <div
    className={undefined}>
    <button
      className="btn btn-default undefined"
      onClick={[Function]}>
      <i
        className="fa fa-star-o" />
    </button>
    <button
      className="btn btn-default undefined"
      onClick={[Function]}>
      <i
        className="fa fa-trash" />
    </button>
  </div>
</li>
`;
