exports[`test Pagination component 1`] = `
<div
  className={undefined}>
  <button
    className="undefined"
    onClick={[Function]}>
    «
  </button>
  <button
    className="undefined"
    onClick={[Function]}>
    ‹
  </button>
  <button
    className="undefined"
    onClick={[Function]}>
    ›
  </button>
  <button
    className="undefined"
    onClick={[Function]}>
    »
  </button>
</div>
`;
